// Jest Snapshot v1, https://goo.gl/fbAQLP

exports[`test for Navbar components Navbar component should render properly 1`] = `
<header
  className="main_nav"
>
  <div>
    <h1>
      Math Magician
    </h1>
  </div>
  <nav>
    <ul
      className="nav_list"
    >
      <li>
        <a
          href="/"
          onClick={[Function]}
        >
          Home
        </a>
      </li>
      <li>
        <a
          href="/calculator"
          onClick={[Function]}
        >
          Calculator
        </a>
      </li>
      <li>
        <a
          href="/qoutes"
          onClick={[Function]}
        >
          Qoutes
        </a>
      </li>
    </ul>
  </nav>
</header>
`;
